// Jest Snapshot v1, https://goo.gl/fbAQLP

exports[`matches snapshot 1`] = `
<DocumentFragment>
  <ul
    class="friend-convo-list"
  >
    <li
      class="friend-i-say title"
    >
      When I say...
    </li>
    <li
      class="container-button"
    >
      <button
        class="btn btn-secondary"
        type="button"
      >
        Add Statement
      </button>
    </li>
  </ul>
</DocumentFragment>
`;
