// Jest Snapshot v1, https://goo.gl/fbAQLP

exports[`matches snapshot 1`] = `
<DocumentFragment>
  <div
    class="hero-container"
  >
    <h1>
      PROGRAM A FRIEND
    </h1>
    <p>
      To learn with, cope with, laugh with.
    </p>
  </div>
</DocumentFragment>
`;
