// Jest Snapshot v1, https://goo.gl/fbAQLP

exports[`matches snapshot 1`] = `
<DocumentFragment>
  <nav
    class="navbar"
  >
    <div
      class="navbar-container"
    >
      <a
        aria-current="page"
        class="navbar-logo active"
        href="/"
      >
        &lt;PAF/&gt;
      </a>
      <div
        class="menu-icon"
      >
        <i
          class="fas fa-bars"
        />
      </div>
      <ul
        class="nav-menu"
      >
        <li
          class="nav-item"
        >
          <a
            class="nav-links"
            href="/friends"
          >
            Friends
          </a>
        </li>
        <li
          class="nav-item"
        >
          <a
            class="nav-links"
            href="/sign-up"
          >
            Logout
          </a>
        </li>
      </ul>
    </div>
  </nav>
</DocumentFragment>
`;
